// Jest Snapshot v1, https://goo.gl/fbAQLP

exports[`LoadingIndicator should renders without errors and matches snapshot 1`] = `
<div
  className="makeStyles-wrapper-1"
>
  <div
    aria-busy="true"
    className=""
    style={Object {}}
  >
    <svg
      aria-label="audio-loading"
      fill="#00BFFF"
      height={100}
      viewBox="0 0 105 105"
      width={100}
    >
      <circle
        cx="12.5"
        cy="12.5"
        r={12.5}
      >
        <animate
          attributeName="fill-opacity"
          begin="0s"
          calcMode="linear"
          dur="1s"
          repeatCount="indefinite"
          values="1;.2;1"
        />
      </circle>
      <circle
        cx="12.5"
        cy="52.5"
        r={12.5}
      >
        <animate
          attributeName="fill-opacity"
          begin="100ms"
          calcMode="linear"
          dur="1s"
          repeatCount="indefinite"
          values="1;.2;1"
        />
      </circle>
      <circle
        cx="52.5"
        cy="12.5"
        r={12.5}
      >
        <animate
          attributeName="fill-opacity"
          begin="300ms"
          calcMode="linear"
          dur="1s"
          repeatCount="indefinite"
          values="1;.2;1"
        />
      </circle>
      <circle
        cx="52.5"
        cy="52.5"
        r={12.5}
      >
        <animate
          attributeName="fill-opacity"
          begin="600ms"
          calcMode="linear"
          dur="1s"
          repeatCount="indefinite"
          values="1;.2;1"
        />
      </circle>
      <circle
        cx="92.5"
        cy="12.5"
        r={12.5}
      >
        <animate
          attributeName="fill-opacity"
          begin="800ms"
          calcMode="linear"
          dur="1s"
          repeatCount="indefinite"
          values="1;.2;1"
        />
      </circle>
      <circle
        cx="92.5"
        cy="52.5"
        r={12.5}
      >
        <animate
          attributeName="fill-opacity"
          begin="400ms"
          calcMode="linear"
          dur="1s"
          repeatCount="indefinite"
          values="1;.2;1"
        />
      </circle>
      <circle
        cx="12.5"
        cy="92.5"
        r={12.5}
      >
        <animate
          attributeName="fill-opacity"
          begin="700ms"
          calcMode="linear"
          dur="1s"
          repeatCount="indefinite"
          values="1;.2;1"
        />
      </circle>
      <circle
        cx="52.5"
        cy="92.5"
        r={12.5}
      >
        <animate
          attributeName="fill-opacity"
          begin="500ms"
          calcMode="linear"
          dur="1s"
          repeatCount="indefinite"
          values="1;.2;1"
        />
      </circle>
      <circle
        cx="92.5"
        cy="92.5"
        r={12.5}
      >
        <animate
          attributeName="fill-opacity"
          begin="200ms"
          calcMode="linear"
          dur="1s"
          repeatCount="indefinite"
          values="1;.2;1"
        />
      </circle>
    </svg>
  </div>
</div>
`;
